******************************************************************************
                  TI ARM Linker PC v18.1.1                     
******************************************************************************
>> Linked Sun Apr 29 16:25:53 2018

OUTPUT FILE NAME:   <a5_try.out>
ENTRY POINT SYMBOL: "_c_int00_noargs"  address: 00000749


MEMORY CONFIGURATION

         name            origin    length      used     unused   attr    fill
----------------------  --------  ---------  --------  --------  ----  --------
  MAIN                  00000000   00040000  000007e6  0003f81a  R  X
  INFO                  00200000   00004000  00000000  00004000  R  X
  SRAM_CODE             01000000   00010000  0000020c  0000fdf4  RW X
  SRAM_DATA             20000000   00010000  0000020c  0000fdf4  RW  


SEGMENT ALLOCATION MAP

run origin  load origin   length   init length attrs members
----------  ----------- ---------- ----------- ----- -------
00000000    00000000    000007e8   000007e8    r-x
  00000000    00000000    000000e4   000000e4    r-- .intvecs
  000000e4    000000e4    000006d2   000006d2    r-x .text
  000007b8    000007b8    00000030   00000030    r-- .cinit
20000000    20000000    0000000c   00000000    rw-
  20000000    20000000    00000008   00000000    rw- .data
  20000008    20000008    00000004   00000000    rw- .bss
2000fe00    2000fe00    00000200   00000000    rw-
  2000fe00    2000fe00    00000200   00000000    rw- .stack


SECTION ALLOCATION MAP

 output                                  attributes/
section   page    origin      length       input sections
--------  ----  ----------  ----------   ----------------
.intvecs   0    00000000    000000e4     
                  00000000    000000e4     startup_msp432p401r_ccs.obj (.intvecs:retain)

.text      0    000000e4    000006d2     
                  000000e4    00000334     system_msp432p401r.obj (.text)
                  00000418    000001e8     main.obj (.text)
                  00000600    0000009c     rtsv7M4_T_le_v4SPD16_eabi.lib : memcpy_t2.asm.obj (.text)
                  0000069c    00000068                                   : copy_decompress_lzss.c.obj (.text:decompress:lzss:__TI_decompress_lzss)
                  00000704    00000044                                   : autoinit.c.obj (.text:__TI_auto_init_nobinit_nopinit:__TI_auto_init_nobinit_nopinit)
                  00000748    00000038                                   : boot_cortex_m.c.obj (.text:_c_int00_noargs:_c_int00_noargs)
                  00000780    00000012                                   : copy_zero_init.c.obj (.text:decompress:ZI:__TI_zero_init_nomemset:__TI_zero_init_nomemset)
                  00000792    0000000e                                   : copy_decompress_none.c.obj (.text:decompress:none:__TI_decompress_none)
                  000007a0    0000000e     startup_msp432p401r_ccs.obj (.text)
                  000007ae    00000004     rtsv7M4_T_le_v4SPD16_eabi.lib : pre_init.c.obj (.text:_system_pre_init)
                  000007b2    00000004                                   : exit.c.obj (.text:abort:abort)

.cinit     0    000007b8    00000030     
                  000007b8    0000000c     (__TI_handler_table)
                  000007c4    0000000b     (.cinit..data.load) [load image, compression = lzss]
                  000007cf    00000001     --HOLE-- [fill = 0]
                  000007d0    00000008     (.cinit..bss.load) [load image, compression = zero_init]
                  000007d8    00000010     (__TI_cinit_table)

.init_array 
*          0    00000000    00000000     UNINITIALIZED

.binit     0    00000000    00000000     

.data      0    20000000    00000008     UNINITIALIZED
                  20000000    00000004     main.obj (.data)
                  20000004    00000004     system_msp432p401r.obj (.data)

.bss       0    20000008    00000004     UNINITIALIZED
                  20000008    00000004     (.common:outHigh)

.stack     0    2000fe00    00000200     UNINITIALIZED
                  2000fe00    00000004     rtsv7M4_T_le_v4SPD16_eabi.lib : boot_cortex_m.c.obj (.stack)
                  2000fe04    000001fc     --HOLE--

MODULE SUMMARY

       Module                        code   ro data   rw data
       ------                        ----   -------   -------
    .\
       system_msp432p401r.obj        820    0         8      
       main.obj                      488    0         16     
       startup_msp432p401r_ccs.obj   14     228       0      
    +--+-----------------------------+------+---------+---------+
       Total:                        1322   228       24     
                                                             
    C:\ti\ccsv8\tools\compiler\ti-cgt-arm_18.1.1.LTS\lib\rtsv7M4_T_le_v4SPD16_eabi.lib
       memcpy_t2.asm.obj             156    0         0      
       copy_decompress_lzss.c.obj    104    0         0      
       autoinit.c.obj                68     0         0      
       boot_cortex_m.c.obj           56     0         0      
       copy_zero_init.c.obj          18     0         0      
       copy_decompress_none.c.obj    14     0         0      
       exit.c.obj                    4      0         0      
       pre_init.c.obj                4      0         0      
    +--+-----------------------------+------+---------+---------+
       Total:                        424    0         0      
                                                             
       Stack:                        0      0         1024   
       Linker Generated:             0      47        0      
    +--+-----------------------------+------+---------+---------+
       Grand Total:                  1746   275       1048   


LINKER GENERATED COPY TABLES

__TI_cinit_table @ 000007d8 records: 2, size/record: 8, table size: 16
	.data: load addr=000007c4, load size=0000000b bytes, run addr=20000000, run size=00000008 bytes, compression=lzss
	.bss: load addr=000007d0, load size=00000008 bytes, run addr=20000008, run size=00000004 bytes, compression=zero_init


LINKER GENERATED HANDLER TABLE

__TI_handler_table @ 000007b8 records: 3, size/record: 4, table size: 12
	index: 0, handler: __TI_decompress_lzss
	index: 1, handler: __TI_decompress_none
	index: 2, handler: __TI_zero_init


GLOBAL SYMBOLS: SORTED ALPHABETICALLY BY Name 

address   name                          
-------   ----                          
000007ad  ADC14_IRQHandler              
000007ad  AES256_IRQHandler             
000007ad  BusFault_Handler              
000007b3  C$$EXIT                       
000007ad  COMP_E0_IRQHandler            
000007ad  COMP_E1_IRQHandler            
000007ad  CS_IRQHandler                 
000007ad  DMA_ERR_IRQHandler            
000007ad  DMA_INT0_IRQHandler           
000007ad  DMA_INT1_IRQHandler           
000007ad  DMA_INT2_IRQHandler           
000007ad  DMA_INT3_IRQHandler           
000007ad  DebugMon_Handler              
000007ad  Default_Handler               
00000549  Drive_DAC                     
000007ad  EUSCIA0_IRQHandler            
000007ad  EUSCIA1_IRQHandler            
000007ad  EUSCIA2_IRQHandler            
000007ad  EUSCIA3_IRQHandler            
000007ad  EUSCIB0_IRQHandler            
000007ad  EUSCIB1_IRQHandler            
000007ad  EUSCIB2_IRQHandler            
000007ad  EUSCIB3_IRQHandler            
000007ad  FLCTL_IRQHandler              
000007ad  FPU_IRQHandler                
000007ad  HardFault_Handler             
000007ad  MemManage_Handler             
000007ad  NMI_Handler                   
000007ad  PCM_IRQHandler                
000007ad  PORT1_IRQHandler              
000007ad  PORT2_IRQHandler              
000007ad  PORT3_IRQHandler              
000007ad  PORT4_IRQHandler              
000007ad  PORT5_IRQHandler              
000007ad  PORT6_IRQHandler              
000007ad  PSS_IRQHandler                
000007ad  PendSV_Handler                
000007ad  RTC_C_IRQHandler              
000007a1  Reset_Handler                 
000007ad  SVC_Handler                   
000007ad  SysTick_Handler               
20000004  SystemCoreClock               
000000e5  SystemCoreClockUpdate         
0000035d  SystemInit                    
000007ad  T32_INT1_IRQHandler           
000007ad  T32_INT2_IRQHandler           
000007ad  T32_INTC_IRQHandler           
00000529  TA0_0_IRQHandler              
00000529  TA0_0_IRQHandler              
000007ad  TA0_N_IRQHandler              
000007ad  TA1_0_IRQHandler              
000007ad  TA1_N_IRQHandler              
000007ad  TA2_0_IRQHandler              
000007ad  TA2_N_IRQHandler              
000007ad  TA3_0_IRQHandler              
000007ad  TA3_N_IRQHandler              
20000000  TempDAC_Value                 
000007ad  UsageFault_Handler            
4000480c  WDTCTL_SYM                    
000007ad  WDT_A_IRQHandler              
20010000  __STACK_END                   
00000200  __STACK_SIZE                  
000007d8  __TI_CINIT_Base               
000007e8  __TI_CINIT_Limit              
000007b8  __TI_Handler_Table_Base       
000007c4  __TI_Handler_Table_Limit      
00000705  __TI_auto_init_nobinit_nopinit
0000069d  __TI_decompress_lzss          
00000793  __TI_decompress_none          
ffffffff  __TI_pprof_out_hndl           
ffffffff  __TI_prof_data_size           
ffffffff  __TI_prof_data_start          
00000000  __TI_static_base__            
00000781  __TI_zero_init_nomemset       
00000601  __aeabi_memcpy                
00000601  __aeabi_memcpy4               
00000601  __aeabi_memcpy8               
ffffffff  __binit__                     
ffffffff  __c_args__                    
UNDEFED   __mpu_init                    
2000fe00  __stack                       
00000749  _c_int00_noargs               
UNDEFED   _system_post_cinit            
000007af  _system_pre_init              
000007b3  abort                         
ffffffff  binit                         
00000000  interruptVectors              
00000419  main                          
00000601  memcpy                        
20000008  outHigh                       


GLOBAL SYMBOLS: SORTED BY Symbol Address 

address   name                          
-------   ----                          
00000000  __TI_static_base__            
00000000  interruptVectors              
000000e5  SystemCoreClockUpdate         
00000200  __STACK_SIZE                  
0000035d  SystemInit                    
00000419  main                          
00000529  TA0_0_IRQHandler              
00000529  TA0_0_IRQHandler              
00000549  Drive_DAC                     
00000601  __aeabi_memcpy                
00000601  __aeabi_memcpy4               
00000601  __aeabi_memcpy8               
00000601  memcpy                        
0000069d  __TI_decompress_lzss          
00000705  __TI_auto_init_nobinit_nopinit
00000749  _c_int00_noargs               
00000781  __TI_zero_init_nomemset       
00000793  __TI_decompress_none          
000007a1  Reset_Handler                 
000007ad  ADC14_IRQHandler              
000007ad  AES256_IRQHandler             
000007ad  BusFault_Handler              
000007ad  COMP_E0_IRQHandler            
000007ad  COMP_E1_IRQHandler            
000007ad  CS_IRQHandler                 
000007ad  DMA_ERR_IRQHandler            
000007ad  DMA_INT0_IRQHandler           
000007ad  DMA_INT1_IRQHandler           
000007ad  DMA_INT2_IRQHandler           
000007ad  DMA_INT3_IRQHandler           
000007ad  DebugMon_Handler              
000007ad  Default_Handler               
000007ad  EUSCIA0_IRQHandler            
000007ad  EUSCIA1_IRQHandler            
000007ad  EUSCIA2_IRQHandler            
000007ad  EUSCIA3_IRQHandler            
000007ad  EUSCIB0_IRQHandler            
000007ad  EUSCIB1_IRQHandler            
000007ad  EUSCIB2_IRQHandler            
000007ad  EUSCIB3_IRQHandler            
000007ad  FLCTL_IRQHandler              
000007ad  FPU_IRQHandler                
000007ad  HardFault_Handler             
000007ad  MemManage_Handler             
000007ad  NMI_Handler                   
000007ad  PCM_IRQHandler                
000007ad  PORT1_IRQHandler              
000007ad  PORT2_IRQHandler              
000007ad  PORT3_IRQHandler              
000007ad  PORT4_IRQHandler              
000007ad  PORT5_IRQHandler              
000007ad  PORT6_IRQHandler              
000007ad  PSS_IRQHandler                
000007ad  PendSV_Handler                
000007ad  RTC_C_IRQHandler              
000007ad  SVC_Handler                   
000007ad  SysTick_Handler               
000007ad  T32_INT1_IRQHandler           
000007ad  T32_INT2_IRQHandler           
000007ad  T32_INTC_IRQHandler           
000007ad  TA0_N_IRQHandler              
000007ad  TA1_0_IRQHandler              
000007ad  TA1_N_IRQHandler              
000007ad  TA2_0_IRQHandler              
000007ad  TA2_N_IRQHandler              
000007ad  TA3_0_IRQHandler              
000007ad  TA3_N_IRQHandler              
000007ad  UsageFault_Handler            
000007ad  WDT_A_IRQHandler              
000007af  _system_pre_init              
000007b3  C$$EXIT                       
000007b3  abort                         
000007b8  __TI_Handler_Table_Base       
000007c4  __TI_Handler_Table_Limit      
000007d8  __TI_CINIT_Base               
000007e8  __TI_CINIT_Limit              
20000000  TempDAC_Value                 
20000004  SystemCoreClock               
20000008  outHigh                       
2000fe00  __stack                       
20010000  __STACK_END                   
4000480c  WDTCTL_SYM                    
ffffffff  __TI_pprof_out_hndl           
ffffffff  __TI_prof_data_size           
ffffffff  __TI_prof_data_start          
ffffffff  __binit__                     
ffffffff  __c_args__                    
ffffffff  binit                         
UNDEFED   __mpu_init                    
UNDEFED   _system_post_cinit            

[90 symbols]
