******************************************************************************
                  TI ARM Linker PC v18.1.1                     
******************************************************************************
>> Linked Sun Apr 22 23:23:21 2018

OUTPUT FILE NAME:   <lcd.out>
ENTRY POINT SYMBOL: "_c_int00_noargs"  address: 00000b9d


MEMORY CONFIGURATION

         name            origin    length      used     unused   attr    fill
----------------------  --------  ---------  --------  --------  ----  --------
  MAIN                  00000000   00040000  00000c56  0003f3aa  R  X
  INFO                  00200000   00004000  00000000  00004000  R  X
  SRAM_CODE             01000000   00010000  00000204  0000fdfc  RW X
  SRAM_DATA             20000000   00010000  00000204  0000fdfc  RW  


SEGMENT ALLOCATION MAP

run origin  load origin   length   init length attrs members
----------  ----------- ---------- ----------- ----- -------
00000000    00000000    00000c58   00000c58    r-x
  00000000    00000000    000000e4   000000e4    r-- .intvecs
  000000e4    000000e4    00000b5a   00000b5a    r-x .text
  00000c40    00000c40    00000018   00000018    r-- .cinit
20000000    20000000    00000004   00000000    rw-
  20000000    20000000    00000004   00000000    rw- .data
2000fe00    2000fe00    00000200   00000000    rw-
  2000fe00    2000fe00    00000200   00000000    rw- .stack


SECTION ALLOCATION MAP

 output                                  attributes/
section   page    origin      length       input sections
--------  ----  ----------  ----------   ----------------
.intvecs   0    00000000    000000e4     
                  00000000    000000e4     startup_msp432p401r_ccs.obj (.intvecs:retain)

.text      0    000000e4    00000b5a     
                  000000e4    00000334     system_msp432p401r.obj (.text)
                  00000418    000001e4     LCD.obj (.text)
                  000005fc    000001dc     delay.obj (.text)
                  000007d8    00000136     rtsv7M4_T_le_v4SPD16_eabi.lib : fd_div_t2.asm.obj (.text)
                  0000090e    000000fc                                   : fd_mul_t2.asm.obj (.text)
                  00000a0a    0000009c                                   : memcpy_t2.asm.obj (.text)
                  00000aa6    00000068                                   : copy_decompress_lzss.c.obj (.text:decompress:lzss:__TI_decompress_lzss)
                  00000b0e    00000048                                   : fd_toi_t2.asm.obj (.text)
                  00000b56    00000002     --HOLE-- [fill = 0]
                  00000b58    00000044                                   : autoinit.c.obj (.text:__TI_auto_init_nobinit_nopinit:__TI_auto_init_nobinit_nopinit)
                  00000b9c    00000038                                   : boot_cortex_m.c.obj (.text:_c_int00_noargs:_c_int00_noargs)
                  00000bd4    0000002e                                   : i_tofd_t2.asm.obj (.text)
                  00000c02    00000018     main.obj (.text)
                  00000c1a    0000000e     rtsv7M4_T_le_v4SPD16_eabi.lib : copy_decompress_none.c.obj (.text:decompress:none:__TI_decompress_none)
                  00000c28    0000000e     startup_msp432p401r_ccs.obj (.text)
                  00000c36    00000004     rtsv7M4_T_le_v4SPD16_eabi.lib : pre_init.c.obj (.text:_system_pre_init)
                  00000c3a    00000004                                   : exit.c.obj (.text:abort:abort)

.cinit     0    00000c40    00000018     
                  00000c40    00000008     (.cinit..data.load) [load image, compression = lzss]
                  00000c48    00000008     (__TI_handler_table)
                  00000c50    00000008     (__TI_cinit_table)

.init_array 
*          0    00000000    00000000     UNINITIALIZED

.binit     0    00000000    00000000     

.data      0    20000000    00000004     UNINITIALIZED
                  20000000    00000004     system_msp432p401r.obj (.data)

.stack     0    2000fe00    00000200     UNINITIALIZED
                  2000fe00    00000004     rtsv7M4_T_le_v4SPD16_eabi.lib : boot_cortex_m.c.obj (.stack)
                  2000fe04    000001fc     --HOLE--

MODULE SUMMARY

       Module                        code   ro data   rw data
       ------                        ----   -------   -------
    .\
       system_msp432p401r.obj        820    0         8      
       LCD.obj                       484    0         0      
       delay.obj                     476    0         0      
       startup_msp432p401r_ccs.obj   14     228       0      
       main.obj                      24     0         0      
    +--+-----------------------------+------+---------+---------+
       Total:                        1818   228       8      
                                                             
    C:\ti\ccsv8\tools\compiler\ti-cgt-arm_18.1.1.LTS\lib\rtsv7M4_T_le_v4SPD16_eabi.lib
       fd_div_t2.asm.obj             310    0         0      
       fd_mul_t2.asm.obj             252    0         0      
       memcpy_t2.asm.obj             156    0         0      
       copy_decompress_lzss.c.obj    104    0         0      
       fd_toi_t2.asm.obj             72     0         0      
       autoinit.c.obj                68     0         0      
       boot_cortex_m.c.obj           56     0         0      
       i_tofd_t2.asm.obj             46     0         0      
       copy_decompress_none.c.obj    14     0         0      
       exit.c.obj                    4      0         0      
       pre_init.c.obj                4      0         0      
    +--+-----------------------------+------+---------+---------+
       Total:                        1086   0         0      
                                                             
       Stack:                        0      0         1024   
       Linker Generated:             0      24        0      
    +--+-----------------------------+------+---------+---------+
       Grand Total:                  2904   252       1032   


LINKER GENERATED COPY TABLES

__TI_cinit_table @ 00000c50 records: 1, size/record: 8, table size: 8
	.data: load addr=00000c40, load size=00000008 bytes, run addr=20000000, run size=00000004 bytes, compression=lzss


LINKER GENERATED HANDLER TABLE

__TI_handler_table @ 00000c48 records: 2, size/record: 4, table size: 8
	index: 0, handler: __TI_decompress_lzss
	index: 1, handler: __TI_decompress_none


GLOBAL SYMBOLS: SORTED ALPHABETICALLY BY Name 

address   name                          
-------   ----                          
00000c35  ADC14_IRQHandler              
00000c35  AES256_IRQHandler             
00000c35  BusFault_Handler              
00000c3b  C$$EXIT                       
00000c35  COMP_E0_IRQHandler            
00000c35  COMP_E1_IRQHandler            
00000c35  CS_IRQHandler                 
0000052d  Clear_LCD                     
00000c35  DMA_ERR_IRQHandler            
00000c35  DMA_INT0_IRQHandler           
00000c35  DMA_INT1_IRQHandler           
00000c35  DMA_INT2_IRQHandler           
00000c35  DMA_INT3_IRQHandler           
00000c35  DebugMon_Handler              
00000c35  Default_Handler               
00000c35  EUSCIA0_IRQHandler            
00000c35  EUSCIA1_IRQHandler            
00000c35  EUSCIA2_IRQHandler            
00000c35  EUSCIA3_IRQHandler            
00000c35  EUSCIB0_IRQHandler            
00000c35  EUSCIB1_IRQHandler            
00000c35  EUSCIB2_IRQHandler            
00000c35  EUSCIB3_IRQHandler            
00000c35  FLCTL_IRQHandler              
00000c35  FPU_IRQHandler                
00000c35  HardFault_Handler             
000005a7  HelloWorld                    
0000053f  Home_LCD                      
00000c35  MemManage_Handler             
00000c35  NMI_Handler                   
00000c35  PCM_IRQHandler                
00000c35  PORT1_IRQHandler              
00000c35  PORT2_IRQHandler              
00000c35  PORT3_IRQHandler              
00000c35  PORT4_IRQHandler              
00000c35  PORT5_IRQHandler              
00000c35  PORT6_IRQHandler              
00000c35  PSS_IRQHandler                
00000c35  PendSV_Handler                
00000c35  RTC_C_IRQHandler              
00000c29  Reset_Handler                 
00000c35  SVC_Handler                   
000004bd  Startup_LCD                   
00000c35  SysTick_Handler               
20000000  SystemCoreClock               
000000e5  SystemCoreClockUpdate         
0000035d  SystemInit                    
00000c35  T32_INT1_IRQHandler           
00000c35  T32_INT2_IRQHandler           
00000c35  T32_INTC_IRQHandler           
00000c35  TA0_0_IRQHandler              
00000c35  TA0_N_IRQHandler              
00000c35  TA1_0_IRQHandler              
00000c35  TA1_N_IRQHandler              
00000c35  TA2_0_IRQHandler              
00000c35  TA2_N_IRQHandler              
00000c35  TA3_0_IRQHandler              
00000c35  TA3_N_IRQHandler              
00000c35  UsageFault_Handler            
4000480c  WDTCTL_SYM                    
00000c35  WDT_A_IRQHandler              
00000551  Write_char_LCD                
20010000  __STACK_END                   
00000200  __STACK_SIZE                  
00000c50  __TI_CINIT_Base               
00000c58  __TI_CINIT_Limit              
00000c48  __TI_Handler_Table_Base       
00000c50  __TI_Handler_Table_Limit      
00000b59  __TI_auto_init_nobinit_nopinit
00000aa7  __TI_decompress_lzss          
00000c1b  __TI_decompress_none          
ffffffff  __TI_pprof_out_hndl           
ffffffff  __TI_prof_data_size           
ffffffff  __TI_prof_data_start          
00000000  __TI_static_base__            
00000b0f  __aeabi_d2iz                  
000007d9  __aeabi_ddiv                  
0000090f  __aeabi_dmul                  
00000bd5  __aeabi_i2d                   
00000a0b  __aeabi_memcpy                
00000a0b  __aeabi_memcpy4               
00000a0b  __aeabi_memcpy8               
ffffffff  __binit__                     
ffffffff  __c_args__                    
UNDEFED   __mpu_init                    
2000fe00  __stack                       
00000b9d  _c_int00_noargs               
UNDEFED   _system_post_cinit            
00000c37  _system_pre_init              
00000c3b  abort                         
ffffffff  binit                         
000006c3  delay_ms                      
00000723  delay_us                      
000004a9  init_pins_LCD                 
00000000  interruptVectors              
00000c03  main                          
00000a0b  memcpy                        


GLOBAL SYMBOLS: SORTED BY Symbol Address 

address   name                          
-------   ----                          
00000000  __TI_static_base__            
00000000  interruptVectors              
000000e5  SystemCoreClockUpdate         
00000200  __STACK_SIZE                  
0000035d  SystemInit                    
000004a9  init_pins_LCD                 
000004bd  Startup_LCD                   
0000052d  Clear_LCD                     
0000053f  Home_LCD                      
00000551  Write_char_LCD                
000005a7  HelloWorld                    
000006c3  delay_ms                      
00000723  delay_us                      
000007d9  __aeabi_ddiv                  
0000090f  __aeabi_dmul                  
00000a0b  __aeabi_memcpy                
00000a0b  __aeabi_memcpy4               
00000a0b  __aeabi_memcpy8               
00000a0b  memcpy                        
00000aa7  __TI_decompress_lzss          
00000b0f  __aeabi_d2iz                  
00000b59  __TI_auto_init_nobinit_nopinit
00000b9d  _c_int00_noargs               
00000bd5  __aeabi_i2d                   
00000c03  main                          
00000c1b  __TI_decompress_none          
00000c29  Reset_Handler                 
00000c35  ADC14_IRQHandler              
00000c35  AES256_IRQHandler             
00000c35  BusFault_Handler              
00000c35  COMP_E0_IRQHandler            
00000c35  COMP_E1_IRQHandler            
00000c35  CS_IRQHandler                 
00000c35  DMA_ERR_IRQHandler            
00000c35  DMA_INT0_IRQHandler           
00000c35  DMA_INT1_IRQHandler           
00000c35  DMA_INT2_IRQHandler           
00000c35  DMA_INT3_IRQHandler           
00000c35  DebugMon_Handler              
00000c35  Default_Handler               
00000c35  EUSCIA0_IRQHandler            
00000c35  EUSCIA1_IRQHandler            
00000c35  EUSCIA2_IRQHandler            
00000c35  EUSCIA3_IRQHandler            
00000c35  EUSCIB0_IRQHandler            
00000c35  EUSCIB1_IRQHandler            
00000c35  EUSCIB2_IRQHandler            
00000c35  EUSCIB3_IRQHandler            
00000c35  FLCTL_IRQHandler              
00000c35  FPU_IRQHandler                
00000c35  HardFault_Handler             
00000c35  MemManage_Handler             
00000c35  NMI_Handler                   
00000c35  PCM_IRQHandler                
00000c35  PORT1_IRQHandler              
00000c35  PORT2_IRQHandler              
00000c35  PORT3_IRQHandler              
00000c35  PORT4_IRQHandler              
00000c35  PORT5_IRQHandler              
00000c35  PORT6_IRQHandler              
00000c35  PSS_IRQHandler                
00000c35  PendSV_Handler                
00000c35  RTC_C_IRQHandler              
00000c35  SVC_Handler                   
00000c35  SysTick_Handler               
00000c35  T32_INT1_IRQHandler           
00000c35  T32_INT2_IRQHandler           
00000c35  T32_INTC_IRQHandler           
00000c35  TA0_0_IRQHandler              
00000c35  TA0_N_IRQHandler              
00000c35  TA1_0_IRQHandler              
00000c35  TA1_N_IRQHandler              
00000c35  TA2_0_IRQHandler              
00000c35  TA2_N_IRQHandler              
00000c35  TA3_0_IRQHandler              
00000c35  TA3_N_IRQHandler              
00000c35  UsageFault_Handler            
00000c35  WDT_A_IRQHandler              
00000c37  _system_pre_init              
00000c3b  C$$EXIT                       
00000c3b  abort                         
00000c48  __TI_Handler_Table_Base       
00000c50  __TI_CINIT_Base               
00000c50  __TI_Handler_Table_Limit      
00000c58  __TI_CINIT_Limit              
20000000  SystemCoreClock               
2000fe00  __stack                       
20010000  __STACK_END                   
4000480c  WDTCTL_SYM                    
ffffffff  __TI_pprof_out_hndl           
ffffffff  __TI_prof_data_size           
ffffffff  __TI_prof_data_start          
ffffffff  __binit__                     
ffffffff  __c_args__                    
ffffffff  binit                         
UNDEFED   __mpu_init                    
UNDEFED   _system_post_cinit            

[97 symbols]
