******************************************************************************
                  TI ARM Linker PC v18.1.1                     
******************************************************************************
>> Linked Mon Apr 23 03:01:58 2018

OUTPUT FILE NAME:   <keypad.out>
ENTRY POINT SYMBOL: "_c_int00_noargs"  address: 00000aed


MEMORY CONFIGURATION

         name            origin    length      used     unused   attr    fill
----------------------  --------  ---------  --------  --------  ----  --------
  MAIN                  00000000   00040000  00000b92  0003f46e  R  X
  INFO                  00200000   00004000  00000000  00004000  R  X
  SRAM_CODE             01000000   00010000  00000204  0000fdfc  RW X
  SRAM_DATA             20000000   00010000  00000204  0000fdfc  RW  


SEGMENT ALLOCATION MAP

run origin  load origin   length   init length attrs members
----------  ----------- ---------- ----------- ----- -------
00000000    00000000    00000b98   00000b98    r-x
  00000000    00000000    000000e4   000000e4    r-- .intvecs
  000000e4    000000e4    00000a92   00000a92    r-x .text
  00000b76    00000b76    00000004   00000004    r-- .const
  00000b80    00000b80    00000018   00000018    r-- .cinit
20000000    20000000    00000004   00000000    rw-
  20000000    20000000    00000004   00000000    rw- .data
2000fe00    2000fe00    00000200   00000000    rw-
  2000fe00    2000fe00    00000200   00000000    rw- .stack


SECTION ALLOCATION MAP

 output                                  attributes/
section   page    origin      length       input sections
--------  ----  ----------  ----------   ----------------
.intvecs   0    00000000    000000e4     
                  00000000    000000e4     startup_msp432p401r_ccs.obj (.intvecs:retain)

.text      0    000000e4    00000a92     
                  000000e4    00000334     system_msp432p401r.obj (.text)
                  00000418    00000310     keypad.obj (.text)
                  00000728    00000136     rtsv7M4_T_le_v4SPD16_eabi.lib : fd_div_t2.asm.obj (.text)
                  0000085e    000000fc                                   : fd_mul_t2.asm.obj (.text)
                  0000095a    0000009c                                   : memcpy_t2.asm.obj (.text)
                  000009f6    00000068                                   : copy_decompress_lzss.c.obj (.text:decompress:lzss:__TI_decompress_lzss)
                  00000a5e    00000048                                   : fd_toi_t2.asm.obj (.text)
                  00000aa6    00000002     --HOLE-- [fill = 0]
                  00000aa8    00000044                                   : autoinit.c.obj (.text:__TI_auto_init_nobinit_nopinit:__TI_auto_init_nobinit_nopinit)
                  00000aec    00000038                                   : boot_cortex_m.c.obj (.text:_c_int00_noargs:_c_int00_noargs)
                  00000b24    0000002e                                   : i_tofd_t2.asm.obj (.text)
                  00000b52    0000000e                                   : copy_decompress_none.c.obj (.text:decompress:none:__TI_decompress_none)
                  00000b60    0000000e     startup_msp432p401r_ccs.obj (.text)
                  00000b6e    00000004     rtsv7M4_T_le_v4SPD16_eabi.lib : pre_init.c.obj (.text:_system_pre_init)
                  00000b72    00000004                                   : exit.c.obj (.text:abort:abort)

.const     0    00000b76    00000004     
                  00000b76    00000004     keypad.obj (.const:.string:$P$T0$1)

.cinit     0    00000b80    00000018     
                  00000b80    00000008     (.cinit..data.load) [load image, compression = lzss]
                  00000b88    00000008     (__TI_handler_table)
                  00000b90    00000008     (__TI_cinit_table)

.init_array 
*          0    00000000    00000000     UNINITIALIZED

.binit     0    00000000    00000000     

.data      0    20000000    00000004     UNINITIALIZED
                  20000000    00000004     system_msp432p401r.obj (.data)

.stack     0    2000fe00    00000200     UNINITIALIZED
                  2000fe00    00000004     rtsv7M4_T_le_v4SPD16_eabi.lib : boot_cortex_m.c.obj (.stack)
                  2000fe04    000001fc     --HOLE--

MODULE SUMMARY

       Module                        code   ro data   rw data
       ------                        ----   -------   -------
    .\
       system_msp432p401r.obj        820    0         8      
       keypad.obj                    784    4         0      
       startup_msp432p401r_ccs.obj   14     228       0      
    +--+-----------------------------+------+---------+---------+
       Total:                        1618   232       8      
                                                             
    C:\ti\ccsv8\tools\compiler\ti-cgt-arm_18.1.1.LTS\lib\rtsv7M4_T_le_v4SPD16_eabi.lib
       fd_div_t2.asm.obj             310    0         0      
       fd_mul_t2.asm.obj             252    0         0      
       memcpy_t2.asm.obj             156    0         0      
       copy_decompress_lzss.c.obj    104    0         0      
       fd_toi_t2.asm.obj             72     0         0      
       autoinit.c.obj                68     0         0      
       boot_cortex_m.c.obj           56     0         0      
       i_tofd_t2.asm.obj             46     0         0      
       copy_decompress_none.c.obj    14     0         0      
       exit.c.obj                    4      0         0      
       pre_init.c.obj                4      0         0      
    +--+-----------------------------+------+---------+---------+
       Total:                        1086   0         0      
                                                             
       Stack:                        0      0         1024   
       Linker Generated:             0      24        0      
    +--+-----------------------------+------+---------+---------+
       Grand Total:                  2704   256       1032   


LINKER GENERATED COPY TABLES

__TI_cinit_table @ 00000b90 records: 1, size/record: 8, table size: 8
	.data: load addr=00000b80, load size=00000008 bytes, run addr=20000000, run size=00000004 bytes, compression=lzss


LINKER GENERATED HANDLER TABLE

__TI_handler_table @ 00000b88 records: 2, size/record: 4, table size: 8
	index: 0, handler: __TI_decompress_lzss
	index: 1, handler: __TI_decompress_none


GLOBAL SYMBOLS: SORTED ALPHABETICALLY BY Name 

address   name                          
-------   ----                          
00000b6d  ADC14_IRQHandler              
00000b6d  AES256_IRQHandler             
00000b6d  BusFault_Handler              
00000b73  C$$EXIT                       
00000b6d  COMP_E0_IRQHandler            
00000b6d  COMP_E1_IRQHandler            
00000b6d  CS_IRQHandler                 
00000b6d  DMA_ERR_IRQHandler            
00000b6d  DMA_INT0_IRQHandler           
00000b6d  DMA_INT1_IRQHandler           
00000b6d  DMA_INT2_IRQHandler           
00000b6d  DMA_INT3_IRQHandler           
00000b6d  DebugMon_Handler              
00000b6d  Default_Handler               
00000b6d  EUSCIA0_IRQHandler            
00000b6d  EUSCIA1_IRQHandler            
00000b6d  EUSCIA2_IRQHandler            
00000b6d  EUSCIA3_IRQHandler            
00000b6d  EUSCIB0_IRQHandler            
00000b6d  EUSCIB1_IRQHandler            
00000b6d  EUSCIB2_IRQHandler            
00000b6d  EUSCIB3_IRQHandler            
00000b6d  FLCTL_IRQHandler              
00000b6d  FPU_IRQHandler                
00000b6d  HardFault_Handler             
00000567  LED_init                      
00000579  LED_set                       
00000b6d  MemManage_Handler             
00000b6d  NMI_Handler                   
00000b6d  PCM_IRQHandler                
00000b6d  PORT1_IRQHandler              
00000b6d  PORT2_IRQHandler              
00000b6d  PORT3_IRQHandler              
00000b6d  PORT4_IRQHandler              
00000b6d  PORT5_IRQHandler              
00000b6d  PORT6_IRQHandler              
00000b6d  PSS_IRQHandler                
00000b6d  PendSV_Handler                
00000b6d  RTC_C_IRQHandler              
00000b61  Reset_Handler                 
00000b6d  SVC_Handler                   
00000b6d  SysTick_Handler               
20000000  SystemCoreClock               
000000e5  SystemCoreClockUpdate         
0000035d  SystemInit                    
00000b6d  T32_INT1_IRQHandler           
00000b6d  T32_INT2_IRQHandler           
00000b6d  T32_INTC_IRQHandler           
00000b6d  TA0_0_IRQHandler              
00000b6d  TA0_N_IRQHandler              
00000b6d  TA1_0_IRQHandler              
00000b6d  TA1_N_IRQHandler              
00000b6d  TA2_0_IRQHandler              
00000b6d  TA2_N_IRQHandler              
00000b6d  TA3_0_IRQHandler              
00000b6d  TA3_N_IRQHandler              
00000b6d  UsageFault_Handler            
4000480c  WDTCTL_SYM                    
00000b6d  WDT_A_IRQHandler              
20010000  __STACK_END                   
00000200  __STACK_SIZE                  
00000b90  __TI_CINIT_Base               
00000b98  __TI_CINIT_Limit              
00000b88  __TI_Handler_Table_Base       
00000b90  __TI_Handler_Table_Limit      
00000aa9  __TI_auto_init_nobinit_nopinit
000009f7  __TI_decompress_lzss          
00000b53  __TI_decompress_none          
ffffffff  __TI_pprof_out_hndl           
ffffffff  __TI_prof_data_size           
ffffffff  __TI_prof_data_start          
00000000  __TI_static_base__            
00000a5f  __aeabi_d2iz                  
00000729  __aeabi_ddiv                  
0000085f  __aeabi_dmul                  
00000b25  __aeabi_i2d                   
0000095b  __aeabi_memcpy                
0000095b  __aeabi_memcpy4               
0000095b  __aeabi_memcpy8               
ffffffff  __binit__                     
ffffffff  __c_args__                    
UNDEFED   __mpu_init                    
2000fe00  __stack                       
00000aed  _c_int00_noargs               
UNDEFED   _system_post_cinit            
00000b6f  _system_pre_init              
00000b73  abort                         
ffffffff  binit                         
00000661  delay                         
00000000  interruptVectors              
00000449  keypad_getkey                 
00000435  keypad_init                   
00000419  main                          
0000095b  memcpy                        


GLOBAL SYMBOLS: SORTED BY Symbol Address 

address   name                          
-------   ----                          
00000000  __TI_static_base__            
00000000  interruptVectors              
000000e5  SystemCoreClockUpdate         
00000200  __STACK_SIZE                  
0000035d  SystemInit                    
00000419  main                          
00000435  keypad_init                   
00000449  keypad_getkey                 
00000567  LED_init                      
00000579  LED_set                       
00000661  delay                         
00000729  __aeabi_ddiv                  
0000085f  __aeabi_dmul                  
0000095b  __aeabi_memcpy                
0000095b  __aeabi_memcpy4               
0000095b  __aeabi_memcpy8               
0000095b  memcpy                        
000009f7  __TI_decompress_lzss          
00000a5f  __aeabi_d2iz                  
00000aa9  __TI_auto_init_nobinit_nopinit
00000aed  _c_int00_noargs               
00000b25  __aeabi_i2d                   
00000b53  __TI_decompress_none          
00000b61  Reset_Handler                 
00000b6d  ADC14_IRQHandler              
00000b6d  AES256_IRQHandler             
00000b6d  BusFault_Handler              
00000b6d  COMP_E0_IRQHandler            
00000b6d  COMP_E1_IRQHandler            
00000b6d  CS_IRQHandler                 
00000b6d  DMA_ERR_IRQHandler            
00000b6d  DMA_INT0_IRQHandler           
00000b6d  DMA_INT1_IRQHandler           
00000b6d  DMA_INT2_IRQHandler           
00000b6d  DMA_INT3_IRQHandler           
00000b6d  DebugMon_Handler              
00000b6d  Default_Handler               
00000b6d  EUSCIA0_IRQHandler            
00000b6d  EUSCIA1_IRQHandler            
00000b6d  EUSCIA2_IRQHandler            
00000b6d  EUSCIA3_IRQHandler            
00000b6d  EUSCIB0_IRQHandler            
00000b6d  EUSCIB1_IRQHandler            
00000b6d  EUSCIB2_IRQHandler            
00000b6d  EUSCIB3_IRQHandler            
00000b6d  FLCTL_IRQHandler              
00000b6d  FPU_IRQHandler                
00000b6d  HardFault_Handler             
00000b6d  MemManage_Handler             
00000b6d  NMI_Handler                   
00000b6d  PCM_IRQHandler                
00000b6d  PORT1_IRQHandler              
00000b6d  PORT2_IRQHandler              
00000b6d  PORT3_IRQHandler              
00000b6d  PORT4_IRQHandler              
00000b6d  PORT5_IRQHandler              
00000b6d  PORT6_IRQHandler              
00000b6d  PSS_IRQHandler                
00000b6d  PendSV_Handler                
00000b6d  RTC_C_IRQHandler              
00000b6d  SVC_Handler                   
00000b6d  SysTick_Handler               
00000b6d  T32_INT1_IRQHandler           
00000b6d  T32_INT2_IRQHandler           
00000b6d  T32_INTC_IRQHandler           
00000b6d  TA0_0_IRQHandler              
00000b6d  TA0_N_IRQHandler              
00000b6d  TA1_0_IRQHandler              
00000b6d  TA1_N_IRQHandler              
00000b6d  TA2_0_IRQHandler              
00000b6d  TA2_N_IRQHandler              
00000b6d  TA3_0_IRQHandler              
00000b6d  TA3_N_IRQHandler              
00000b6d  UsageFault_Handler            
00000b6d  WDT_A_IRQHandler              
00000b6f  _system_pre_init              
00000b73  C$$EXIT                       
00000b73  abort                         
00000b88  __TI_Handler_Table_Base       
00000b90  __TI_CINIT_Base               
00000b90  __TI_Handler_Table_Limit      
00000b98  __TI_CINIT_Limit              
20000000  SystemCoreClock               
2000fe00  __stack                       
20010000  __STACK_END                   
4000480c  WDTCTL_SYM                    
ffffffff  __TI_pprof_out_hndl           
ffffffff  __TI_prof_data_size           
ffffffff  __TI_prof_data_start          
ffffffff  __binit__                     
ffffffff  __c_args__                    
ffffffff  binit                         
UNDEFED   __mpu_init                    
UNDEFED   _system_post_cinit            

[94 symbols]
